Copyright 1986-2019 Xilinx, Inc. All Rights Reserved.
-----------------------------------------------------------------------------------------------------
| Tool Version : Vivado v.2019.2 (win64) Build 2708876 Wed Nov  6 21:40:23 MST 2019
| Date         : Fri Jun 19 21:29:04 2026
| Host         : FAN running 64-bit major release  (build 9200)
| Command      : report_control_sets -verbose -file DDS_Signal_Generator_top_control_sets_placed.rpt
| Design       : DDS_Signal_Generator_top
| Device       : xc7z010
-----------------------------------------------------------------------------------------------------

Control Set Information

Table of Contents
-----------------
1. Summary
2. Histogram
3. Flip-Flop Distribution
4. Detailed Control Set Information

1. Summary
----------

+----------------------------------------------------------+-------+
|                          Status                          | Count |
+----------------------------------------------------------+-------+
| Total control sets                                       |    24 |
|    Minimum number of control sets                        |    24 |
|    Addition due to synthesis replication                 |     0 |
|    Addition due to physical synthesis replication        |     0 |
| Unused register locations in slices containing registers |    75 |
+----------------------------------------------------------+-------+
* Control sets can be merged at opt_design using control_set_merge or merge_equivalent_drivers
** Run report_qor_suggestions for automated merging and remapping suggestions


2. Histogram
------------

+--------------------+-------+
|       Fanout       | Count |
+--------------------+-------+
| Total control sets |    24 |
| >= 0 to < 4        |     5 |
| >= 4 to < 6        |     4 |
| >= 6 to < 8        |     1 |
| >= 8 to < 10       |     6 |
| >= 10 to < 12      |     0 |
| >= 12 to < 14      |     0 |
| >= 14 to < 16      |     0 |
| >= 16              |     8 |
+--------------------+-------+
* Control sets can be remapped at either synth_design or opt_design


3. Flip-Flop Distribution
-------------------------

+--------------+-----------------------+------------------------+-----------------+--------------+
| Clock Enable | Synchronous Set/Reset | Asynchronous Set/Reset | Total Registers | Total Slices |
+--------------+-----------------------+------------------------+-----------------+--------------+
| No           | No                    | No                     |               2 |            1 |
| No           | No                    | Yes                    |             113 |           36 |
| No           | Yes                   | No                     |               0 |            0 |
| Yes          | No                    | No                     |               0 |            0 |
| Yes          | No                    | Yes                    |             266 |           89 |
| Yes          | Yes                   | No                     |               0 |            0 |
+--------------+-----------------------+------------------------+-----------------+--------------+


4. Detailed Control Set Information
-----------------------------------

+----------------------------------+---------------------------------------------+------------------------------------------------+------------------+----------------+
|           Clock Signal           |                Enable Signal                |                Set/Reset Signal                | Slice Load Count | Bel Load Count |
+----------------------------------+---------------------------------------------+------------------------------------------------+------------------+----------------+
|  dds_inst/pll_inst/inst/clk_out1 | dds_inst/key_ctrl_inst/p_6_out[2]           | dds_inst/hmi_recv_inst/U1/bbstub_FCLK_RESET0_N |                1 |              1 |
|  dds_inst/pll_inst/inst/clk_out1 | dds_inst/key_ctrl_inst/p_6_out[0]           | dds_inst/hmi_recv_inst/U1/bbstub_FCLK_RESET0_N |                1 |              1 |
|  dds_inst/pll_inst/inst/clk_out1 | dds_inst/key_ctrl_inst/p_6_out[1]           | dds_inst/hmi_recv_inst/U1/bbstub_FCLK_RESET0_N |                1 |              1 |
|  dds_inst/pll_inst/inst/clk_out1 | dds_inst/u_uart_tx/bit_flag_reg_n_0         | dds_inst/hmi_recv_inst/U1/bbstub_FCLK_RESET0_N |                1 |              1 |
|  dds_inst/pll_inst/inst/clk_out1 |                                             |                                                |                1 |              2 |
|  dds_inst/pll_inst/inst/clk_out1 | dds_inst/byte_idx[3]_i_1_n_0                | dds_inst/hmi_recv_inst/U1/bbstub_FCLK_RESET0_N |                2 |              4 |
|  dds_inst/pll_inst/inst/clk_out1 | dds_inst/hmi_recv_inst/U1/rx_cnt[3]_i_1_n_0 | dds_inst/hmi_recv_inst/U1/bbstub_FCLK_RESET0_N |                1 |              4 |
|  dds_inst/pll_inst/inst/clk_out1 | dds_inst/hmi_recv_inst/wrsigrise            | dds_inst/hmi_recv_inst/U1/bbstub_FCLK_RESET0_N |                2 |              4 |
|  dds_inst/pll_inst/inst/clk_out1 | dds_inst/u_uart_tx/bit_cnt[3]_i_1_n_0       | dds_inst/hmi_recv_inst/U1/bbstub_FCLK_RESET0_N |                1 |              4 |
|  dds_inst/pll_inst/inst/clk_out1 | dds_inst/uart_tx_data[6]_i_1_n_0            | dds_inst/hmi_recv_inst/U1/bbstub_FCLK_RESET0_N |                5 |              7 |
|  dds_inst/pll_inst/inst/clk_out1 | dds_inst/hmi_recv_inst/dig[1][7]_i_1_n_0    | dds_inst/hmi_recv_inst/U1/bbstub_FCLK_RESET0_N |                2 |              8 |
|  dds_inst/pll_inst/inst/clk_out1 | dds_inst/hmi_recv_inst/dig[2][7]_i_1_n_0    | dds_inst/hmi_recv_inst/U1/bbstub_FCLK_RESET0_N |                4 |              8 |
|  dds_inst/pll_inst/inst/clk_out1 | dds_inst/hmi_recv_inst/dig                  | dds_inst/hmi_recv_inst/U1/bbstub_FCLK_RESET0_N |                2 |              8 |
|  dds_inst/pll_inst/inst/clk_out1 | dds_inst/hmi_recv_inst/dig[3][7]_i_1_n_0    | dds_inst/hmi_recv_inst/U1/bbstub_FCLK_RESET0_N |                3 |              8 |
|  dds_inst/pll_inst/inst/clk_out1 | dds_inst/hmi_recv_inst/dig[4][7]_i_1_n_0    | dds_inst/hmi_recv_inst/U1/bbstub_FCLK_RESET0_N |                3 |              8 |
|  dds_inst/pll_inst/inst/clk_out1 | dds_inst/hmi_recv_inst/dig[5][7]_i_1_n_0    | dds_inst/hmi_recv_inst/U1/bbstub_FCLK_RESET0_N |                3 |              8 |
|  dds_inst/pll_inst/inst/clk_out1 | dds_inst/key_ctrl_inst/cnt[1][0]_i_1_n_0    | dds_inst/hmi_recv_inst/U1/bbstub_FCLK_RESET0_N |                5 |             20 |
|  dds_inst/pll_inst/inst/clk_out1 | dds_inst/key_ctrl_inst/cnt[2][0]_i_1_n_0    | dds_inst/hmi_recv_inst/U1/bbstub_FCLK_RESET0_N |                5 |             20 |
|  dds_inst/pll_inst/inst/clk_out1 | dds_inst/key_ctrl_inst/cnt[0][0]_i_1_n_0    | dds_inst/hmi_recv_inst/U1/bbstub_FCLK_RESET0_N |                5 |             20 |
|  dds_inst/pll_inst/inst/clk_out1 | dds_inst/byte_timer[31]_i_1_n_0             | dds_inst/hmi_recv_inst/U1/bbstub_FCLK_RESET0_N |                8 |             32 |
|  dds_inst/pll_inst/inst/clk_out1 | dds_inst/hmi_recv_inst/HMI_Done_reg_0       | dds_inst/hmi_recv_inst/U1/bbstub_FCLK_RESET0_N |               10 |             32 |
|  dds_inst/pll_inst/inst/clk_out1 | dds_inst/hmi_recv_inst/U1/E[0]              | dds_inst/hmi_recv_inst/U1/bbstub_FCLK_RESET0_N |                8 |             32 |
|  dds_inst/pll_inst/inst/clk_out1 | dds_inst/sending1_out                       | dds_inst/hmi_recv_inst/U1/bbstub_FCLK_RESET0_N |               16 |             35 |
|  dds_inst/pll_inst/inst/clk_out1 |                                             | dds_inst/hmi_recv_inst/U1/bbstub_FCLK_RESET0_N |               36 |            113 |
+----------------------------------+---------------------------------------------+------------------------------------------------+------------------+----------------+


